<html>
<body>
<pre>
<h1>µVision Build Log</h1>
<h2>Project:</h2>
C:\Users\Filip\Desktop\thanos\ARM\ARM.uvproj
Project File Date:  11/12/2019

<h2>Output:</h2>
Build target 'Target 1'
assembling arm_skeleton.s...
linking...
.\ARM.sct(8): warning: L6314W: No section matches pattern *(InRoot$$Sections).
Program Size: Code=288 RO-data=0 RW-data=0 ZI-data=1160  
FromELF: creating hex file...
".\ARM.axf" - 0 Errors, 1 Warning(s).
Build target 'Target 1'
assembling arm_skeleton.s...
arm_skeleton.s(32): warning: A1581W: Added 2 bytes of padding at address 0x26
linking...
.\ARM.sct(8): warning: L6314W: No section matches pattern *(InRoot$$Sections).
Program Size: Code=320 RO-data=0 RW-data=0 ZI-data=1160  
FromELF: creating hex file...
".\ARM.axf" - 0 Errors, 2 Warning(s).
Build target 'Target 1'
assembling arm_skeleton.s...
linking...
.\ARM.sct(8): warning: L6314W: No section matches pattern *(InRoot$$Sections).
Program Size: Code=308 RO-data=0 RW-data=0 ZI-data=1160  
FromELF: creating hex file...
".\ARM.axf" - 0 Errors, 1 Warning(s).
Build target 'Target 1'
assembling arm_skeleton.s...
linking...
.\ARM.sct(8): warning: L6314W: No section matches pattern *(InRoot$$Sections).
Program Size: Code=336 RO-data=0 RW-data=0 ZI-data=1160  
FromELF: creating hex file...
".\ARM.axf" - 0 Errors, 1 Warning(s).
Build target 'Target 1'
assembling arm_skeleton.s...
linking...
.\ARM.sct(8): warning: L6314W: No section matches pattern *(InRoot$$Sections).
Program Size: Code=372 RO-data=0 RW-data=0 ZI-data=1160  
FromELF: creating hex file...
".\ARM.axf" - 0 Errors, 1 Warning(s).
Build target 'Target 1'
assembling arm_skeleton.s...
arm_skeleton.s(66): error: A1516E: Bad symbol 'SevenSegTable', not defined or external
".\ARM.axf" - 1 Errors, 0 Warning(s).
Target not created
Build target 'Target 1'
assembling arm_skeleton.s...
arm_skeleton.s(77): warning: A1581W: Added 2 bytes of padding at address 0x9e
linking...
.\ARM.sct(8): warning: L6314W: No section matches pattern *(InRoot$$Sections).
Program Size: Code=448 RO-data=0 RW-data=0 ZI-data=1160  
FromELF: creating hex file...
".\ARM.axf" - 0 Errors, 2 Warning(s).
Build target 'Target 1'
assembling arm_skeleton.s...
arm_skeleton.s(80): warning: A1581W: Added 2 bytes of padding at address 0xaa
linking...
.\ARM.sct(8): warning: L6314W: No section matches pattern *(InRoot$$Sections).
Program Size: Code=464 RO-data=0 RW-data=0 ZI-data=1160  
FromELF: creating hex file...
".\ARM.axf" - 0 Errors, 2 Warning(s).
Build target 'Target 1'
assembling arm_skeleton.s...
arm_skeleton.s(108): warning: A1581W: Added 2 bytes of padding at address 0xf6
linking...
.\ARM.sct(8): warning: L6314W: No section matches pattern *(InRoot$$Sections).
Program Size: Code=540 RO-data=0 RW-data=0 ZI-data=1160  
FromELF: creating hex file...
".\ARM.axf" - 0 Errors, 2 Warning(s).
Build target 'Target 1'
assembling arm_skeleton.s...
arm_skeleton.s(130): warning: A1581W: Added 2 bytes of padding at address 0x12a
linking...
.\ARM.sct(8): warning: L6314W: No section matches pattern *(InRoot$$Sections).
Program Size: Code=596 RO-data=0 RW-data=0 ZI-data=1160  
FromELF: creating hex file...
".\ARM.axf" - 0 Errors, 2 Warning(s).
Build target 'Target 1'
linking...
.\ARM.sct(8): warning: L6314W: No section matches pattern *(InRoot$$Sections).
Program Size: Code=596 RO-data=0 RW-data=0 ZI-data=1160  
FromELF: creating hex file...
".\ARM.axf" - 0 Errors, 1 Warning(s).
Build target 'Target 1'
linking...
.\ARM.sct(8): warning: L6314W: No section matches pattern *(InRoot$$Sections).
Program Size: Code=596 RO-data=0 RW-data=0 ZI-data=1160  
FromELF: creating hex file...
".\ARM.axf" - 0 Errors, 1 Warning(s).
